// Jest Snapshot v1, https://goo.gl/fbAQLP

exports[`render Login 1`] = `
<div
  className="p-8 flex flex-col gap-4"
>
  <div
    className="flex justify-center text-3xl"
  >
    <input
      className="h-16 p-2 text-right"
      onChange={[Function]}
      type="password"
      value=""
    />
  </div>
  <div
    className="flex justify-center text-4xl font-bold"
  >
    <div
      className="border-2 border-blue-500 p-4 rounded-md hover:text-green-800 cursor-pointer hover:border-yellow-400"
      onClick={[Function]}
    >
      Login
    </div>
  </div>
</div>
`;
